../Core/Src/main.c:105:5:main	16	static
../Core/Src/main.c:199:6:SystemClock_Config	72	static
../Core/Src/main.c:239:13:MX_CAN_Init	8	static
../Core/Src/main.c:276:13:MX_TIM1_Init	32	static
../Core/Src/main.c:322:13:MX_USART1_UART_Init	8	static
../Core/Src/main.c:355:13:MX_GPIO_Init	40	static
../Core/Src/main.c:381:6:CAN_TxCallback	16	static
../Core/Src/main.c:386:6:CAN_RxFifo0Callback	16	static
../Core/Src/main.c:400:6:StartDefaultTask	32	static
../Core/Src/main.c:435:6:Can_SendHandler	96	static
../Core/Src/main.c:480:6:Error_Handler	4	static,ignoring_inline_asm
