../isotp-c/isotp.c:19:5:isotp_user_send_can	64	static
../isotp-c/isotp.c:34:10:isotp_user_get_ms	8	static
../isotp-c/isotp.c:40:6:isotp_user_debug	4	static
../isotp-c/isotp.c:45:16:isotp_ms_to_st_min	24	static
../isotp-c/isotp.c:57:16:isotp_st_min_to_ms	24	static
../isotp-c/isotp.c:71:12:isotp_send_flow_control	32	static
../isotp-c/isotp.c:97:12:isotp_send_single_frame	32	static
../isotp-c/isotp.c:125:12:isotp_send_first_frame	32	static
../isotp-c/isotp.c:151:12:isotp_send_consecutive_frame	32	static
../isotp-c/isotp.c:191:12:isotp_receive_single_frame	24	static
../isotp-c/isotp.c:208:12:isotp_receive_first_frame	32	static
../isotp-c/isotp.c:243:12:isotp_receive_consecutive_frame	32	static
../isotp-c/isotp.c:274:12:isotp_receive_flow_control_frame	24	static
../isotp-c/isotp.c:289:5:isotp_send	24	static
../isotp-c/isotp.c:293:5:isotp_send_with_id	160	static
../isotp-c/isotp.c:344:6:isotp_on_can_message	40	static
../isotp-c/isotp.c:503:5:isotp_receive	32	static
../isotp-c/isotp.c:524:6:isotp_init_link	24	static
../isotp-c/isotp.c:538:6:isotp_poll	32	static
